ODPAR_TERRITORIAL_DOMAIN_14 {
  global:
    odg_api_version;
    odg_ffi_abi_query;
    odg_init;
    odg_resize;
    odg_set_visual_theme;
    odg_visual_theme;
    odg_set_presentation_mode;
    odg_presentation_mode;
    odg_reset;
    odg_set_input;
    odg_set_world_input;
    odg_tick_us;
    odg_step_ticks;
    odg_render_frame;
    odg_framebuffer_ptr;
    odg_framebuffer_bytes;
    odg_framebuffer_stride_bytes;
    odg_copy_framebuffer;
    odg_render_width;
    odg_render_height;
    odg_stats;
    odg_stats_ptr;
    odg_copy_stats;
    odg_player_health;
    odg_player_max_health;
    odg_player_score;
    odg_player_level;
    odg_player_kills;
    odg_player_deaths;
    odg_alive_count;
    odg_zone_radius_milli;
    odg_state_hash;
    odg_territory_total_cells;
    odg_player_territory_cells;
    odg_player_territory_permille;
    odg_player_trail_cells;
    odg_player_trail_active;
    odg_match_over;
    odg_winner_id;
    odg_player_death_reason;
    odg_turret_count;
    odg_player_owned_turrets;
    odg_player_carrying_turret;
    odg_player_carried_turret_ammo;
    odg_player_turret_action_available;
    odg_ammo_crate_count;
    odg_player_carrying_ammo_crate;
    odg_player_carried_ammo;
    odg_player_ammo_reserve;
    odg_chip_count;
    odg_player_carrying_chip;
    odg_player_chip_kind;
    odg_player_hack_action_available;
    odg_player_drop_action_available;
    odg_player_nearby_owned_turret_visible;
    odg_player_nearby_owned_turret_ammo;
    odg_player_nearby_owned_turret_max_ammo;
    odg_player_facing_x_q15;
    odg_player_facing_z_q15;
    odg_camera_dir_x_q15;
    odg_camera_dir_z_q15;
    odg_control_basis_x_q15;
    odg_control_basis_z_q15;
    odg_control_heading_x_q15;
    odg_control_heading_z_q15;
    odg_control_local_x_q15;
    odg_control_local_z_q15;
    odg_control_strength_q15;
    odg_leader_count;
    odg_leader_get;
    odg_leader_score;
    odg_leader_name_code;
    odg_leader_is_player;
  local:
    *;
};
